QuestaSim-64 vcom 2025.1_2 Compiler 2025.04 Apr  7 2025
Start time: 23:47:54 on Nov 12,2025
vcom -2008 -work internal/ModelSimContainer/work proj/src/RISCV_types.vhd internal/testpy/tb.vhd proj/src/RISCV_types.vhd proj/src/TopLevel/nAdd_Sub.vhd proj/src/TopLevel/decoder_5to32.vhd proj/src/TopLevel/mem.vhd proj/src/TopLevel/andg2.vhd proj/src/TopLevel/mux3t1_N.vhd proj/src/TopLevel/invg.vhd proj/src/TopLevel/BarrelShifter.vhd proj/src/TopLevel/RISCV_Processor.vhd proj/src/TopLevel/ControlUnit.vhd proj/src/TopLevel/mux2t1_N.vhd proj/src/TopLevel/Full_Adder.vhd proj/src/TopLevel/Reg_EX_MEM.vhd proj/src/TopLevel/mux32t1_N.vhd proj/src/TopLevel/branch_comp.vhd proj/src/TopLevel/ImmGen.vhd proj/src/TopLevel/ProgramCounter.vhd proj/src/TopLevel/ALU.vhd proj/src/TopLevel/mux4t1_N.vhd proj/src/TopLevel/Reg_ID_EX.vhd proj/src/TopLevel/Reg_IF_ID.vhd proj/src/TopLevel/RegisterFile.vhd proj/src/TopLevel/Reg_N.vhd proj/src/TopLevel/mux2t1.vhd proj/src/TopLevel/Reg.vhd proj/src/TopLevel/Reg_MEM_WB.vhd proj/src/TopLevel/N_Full_Adder.vhd proj/src/TopLevel/FetchLogic.vhd proj/src/TopLevel/org2.vhd proj/src/TopLevel/dffg.vhd proj/src/TopLevel/xorg2.vhd 
-- Loading package STANDARD
-- Loading package TEXTIO
-- Loading package std_logic_1164
-- Compiling package RISCV_types
-- Compiling package body RISCV_types
-- Loading package RISCV_types
-- Loading package std_logic_textio
-- Loading package ENV
-- Compiling entity tb
-- Compiling architecture mixed of tb
** Warning: proj/src/RISCV_types.vhd(15): (vcom-1615) Existing package 'RISCV_types' at line 18 will be overwritten.
-- Compiling package RISCV_types
** Warning: proj/src/RISCV_types.vhd(29): (vcom-1615) Existing package body 'RISCV_types(body)' at line 29 will be overwritten.
-- Compiling package body RISCV_types
-- Loading package RISCV_types
-- Compiling entity nAdd_Sub
-- Compiling architecture structure of nAdd_Sub
-- Loading package NUMERIC_STD
-- Compiling entity decoder_5to32
-- Compiling architecture behavior of decoder_5to32
-- Compiling entity mem
-- Compiling architecture rtl of mem
-- Compiling entity andg2
-- Compiling architecture dataflow of andg2
-- Compiling entity mux3t1_N
-- Compiling architecture behavioral of mux3t1_N
-- Compiling entity invg
-- Compiling architecture dataflow of invg
-- Compiling entity barrelShifter
-- Compiling architecture structural of barrelShifter
-- Compiling entity RISCV_Processor
-- Compiling architecture structure of RISCV_Processor
** Error: proj/src/TopLevel/RISCV_Processor.vhd(468): Signal "s_RegWr" is type ieee.std_logic_1164.STD_LOGIC; expecting type ieee.std_logic_1164.STD_LOGIC_VECTOR.
** Error: proj/src/TopLevel/RISCV_Processor.vhd(469): Signal "s_BrUn" is type ieee.std_logic_1164.STD_LOGIC; expecting type ieee.std_logic_1164.STD_LOGIC_VECTOR.
** Error: proj/src/TopLevel/RISCV_Processor.vhd(470): Signal "s_ASel" is type ieee.std_logic_1164.STD_LOGIC; expecting type ieee.std_logic_1164.STD_LOGIC_VECTOR.
** Error: proj/src/TopLevel/RISCV_Processor.vhd(471): Signal "s_BSel" is type ieee.std_logic_1164.STD_LOGIC; expecting type ieee.std_logic_1164.STD_LOGIC_VECTOR.
** Error: proj/src/TopLevel/RISCV_Processor.vhd(474): Signal "s_DMemWr_ID_EX" is type ieee.std_logic_1164.STD_LOGIC; expecting type ieee.std_logic_1164.STD_LOGIC_VECTOR.
** Error: proj/src/TopLevel/RISCV_Processor.vhd(476): Signal "s_Halt" is type ieee.std_logic_1164.STD_LOGIC; expecting type ieee.std_logic_1164.STD_LOGIC_VECTOR.
** Error: proj/src/TopLevel/RISCV_Processor.vhd(477): Signal "s_BranchEn" is type ieee.std_logic_1164.STD_LOGIC; expecting type ieee.std_logic_1164.STD_LOGIC_VECTOR.
** Error: proj/src/TopLevel/RISCV_Processor.vhd(560): Signal "s_RegWr_ID_EX" is type ieee.std_logic_1164.STD_LOGIC; expecting type ieee.std_logic_1164.STD_LOGIC_VECTOR.
** Error: proj/src/TopLevel/RISCV_Processor.vhd(561): Signal "s_DMemWr_ID_EX" is type ieee.std_logic_1164.STD_LOGIC; expecting type ieee.std_logic_1164.STD_LOGIC_VECTOR.
** Error: proj/src/TopLevel/RISCV_Processor.vhd(563): Signal "s_HALT_ID_EX" is type ieee.std_logic_1164.STD_LOGIC; expecting type ieee.std_logic_1164.STD_LOGIC_VECTOR.
** Error: proj/src/TopLevel/RISCV_Processor.vhd(605): Signal "s_RegWr_EX_MEM" is type ieee.std_logic_1164.STD_LOGIC; expecting type ieee.std_logic_1164.STD_LOGIC_VECTOR.
** Error: proj/src/TopLevel/RISCV_Processor.vhd(607): Signal "s_HALT_EX_MEM" is type ieee.std_logic_1164.STD_LOGIC; expecting type ieee.std_logic_1164.STD_LOGIC_VECTOR.
** Note: proj/src/TopLevel/RISCV_Processor.vhd(721): VHDL Compiler exiting
End time: 23:47:54 on Nov 12,2025, Elapsed time: 0:00:00
Errors: 12, Warnings: 2
